// Jest Snapshot v1, https://goo.gl/fbAQLP

exports[`CollectionDropdown should match snapshot 1`] = `
<div
  className="collection-dropdown"
>
  <span
    className="collection-title"
  >
    Collections
  </span>
</div>
`;
