// Jest Snapshot v1, https://goo.gl/fbAQLP

exports[`EditCollection should match snapshot 1`] = `
<div>
  <input
    className="input"
    onChange={[Function]}
    type="text"
    value="Default"
  />
  <div
    className="buttons"
  >
    <button
      className="button is-primary is-outlined"
      onClick={[Function]}
    >
      Save
    </button>
    <button
      className="button is-danger is-outlined"
      onClick={[Function]}
    >
      Cancel
    </button>
    <button
      className="button is-danger is-outlined"
      onClick={[Function]}
    >
      Delete
    </button>
  </div>
</div>
`;
