// Jest Snapshot v1, https://goo.gl/fbAQLP

exports[`Collection should match snapshot 1`] = `
<section
  className="collection-container"
>
  <CollectionDropdown />
  <div
    className="collection"
  />
</section>
`;
